MO Op2_NSD NULL Op2_NSD.v vlg6D/_op2___n_s_d.bin 1201859262
MO TrafficSignalController_TOPLEVEL NULL TrafficSignalController_TOPLEVEL.v vlg7F/_traffic_signal_controller___t_o_p_l_e_v_e_l.bin 1201859262
MO PWD_FinishLine_TB NULL "../../../../Desktop/Verilog RaceCar files/PWD_FinishLine_ControllerDatapath.v" vlg70/_p_w_d___finish_line___t_b.bin 1203032152
MO Op3_OD NULL Op3_OD.v vlg48/_op3___o_d.bin 1201859262
MO TrafficSignalController_FSM NULL TrafficSignalController_FSM.vf vlg6E/_traffic_signal_controller___f_s_m.bin 1201859262
MO Op1_a NULL Op1_a.v vlg14/_op1__a.bin 1201859262
MO PWD_FinishLine NULL "../../../../Desktop/Verilog RaceCar files/PWD_FinishLine_ControllerDatapath.v" vlg3F/_p_w_d___finish_line.bin 1203032152
MO Reg_w4_iv0 NULL Reg_w4_iv0.v vlg4A/_reg__w4__iv0.bin 1201859262
