MO StageLights_TOP NULL StageLights_TOP.v vlg29/_stage_lights___t_o_p.bin 1200258260
MO kcuart_rx NULL kcuart_rx.v vlg13/kcuart__rx.bin 1200258260
MO bbfifo_16x8 NULL bbfifo_16x8.v vlg5A/bbfifo__16x8.bin 1200258260
MO MyPattern NULL MyPattern.v vlg34/_my_pattern.bin 1200258260
MO uart_rx NULL uart_rx.v vlg21/uart__rx.bin 1200258260
